---
source: crates/atlasctl-core/src/lib.rs
expression: md_output
---
# Atlas: broken-link

## Summary

- Schema version: `1`
- Tool version: `0.1.0`
- Nodes: `2`
- Edges: `0`
- Diagnostics: `5` (errors: `3`, warnings: `2`)

## Nodes by kind

### scenario

- `scen:broken` — Broken command reference
  - Source: `atlas/example.atlas.yaml`

### crate

- `crate:engine` — engine
  - Source: `Cargo.toml`
  - Paths: `crates/engine`

## Edges


## Diagnostics

- [error] `scenario_missing_command` — scenario `scen:broken` does not declare a proving command
  - Subject: `scen:broken`
  - Location: `atlas/example.atlas.yaml`
- [error] `scenario_missing_crate` — scenario `scen:broken` does not declare an exercised crate
  - Subject: `scen:broken`
  - Location: `atlas/example.atlas.yaml`
- [error] `command_referenced_but_undeclared` — edge `scen:broken` -> `cmd:missing` references missing target node `cmd:missing`
  - Subject: `cmd:missing`
  - Location: `atlas/example.atlas.yaml`
- [warning] `orphan_node` — node `crate:engine` has no relationships in the graph
  - Subject: `crate:engine`
  - Location: `Cargo.toml`
- [warning] `orphan_node` — node `scen:broken` has no relationships in the graph
  - Subject: `scen:broken`
  - Location: `atlas/example.atlas.yaml`
