---
source: crates/atlasctl-core/src/lib.rs
expression: summary
---
### 🎯 Atlas Impact Analysis

- **Impacted Behaviors**: `5`
- **Uncovered Changes**: `0`

#### 🧱 Impacted Proof Surface

- `artifact:example-report` (artifact) — Example report
- `cmd:ci-fast` (command) — Fast CI
- `crate:engine` (crate) — engine
- `req:example` (requirement) — Example requirement
- `scen:example-build` (scenario) — Example build
