---
source: crates/atlasctl-core/src/lib.rs
expression: json_output
---
{
  "schema_version": 1,
  "tool_version": "0.1.0",
  "repo": {
    "name": "markdown-frontmatter"
  },
  "nodes": [
    {
      "id": "crate:engine",
      "kind": "crate",
      "role": "infra",
      "title": "engine",
      "summary": null,
      "owns": [
        {
          "pattern": "crates/engine"
        }
      ],
      "touches": [],
      "attrs": {
        "manifest_path": "crates/engine/Cargo.toml",
        "version": "0.1.0"
      },
      "provenance": {
        "source": "Cargo.toml",
        "line": null,
        "column": null,
        "fragment": null
      }
    },
    {
      "id": "guide:frontmatter-guide",
      "kind": "guide",
      "role": "document",
      "title": "Frontmatter guide",
      "summary": null,
      "owns": [
        {
          "pattern": "docs/guide.md"
        }
      ],
      "touches": [],
      "attrs": {},
      "provenance": {
        "source": "docs/guide.md",
        "line": null,
        "column": null,
        "fragment": "guide:frontmatter-guide"
      }
    }
  ],
  "edges": [],
  "diagnostics": [
    {
      "code": "broken_reference",
      "severity": "error",
      "message": "edge `guide:frontmatter-guide` -> `req:frontmatter` references missing target node `req:frontmatter`",
      "subject": "req:frontmatter",
      "location": {
        "path": "docs/guide.md",
        "line": null,
        "column": null
      }
    },
    {
      "code": "orphan_node",
      "severity": "warning",
      "message": "node `guide:frontmatter-guide` has no relationships in the graph",
      "subject": "guide:frontmatter-guide",
      "location": {
        "path": "docs/guide.md",
        "line": null,
        "column": null
      }
    }
  ],
  "metrics": {
    "node_count": 2,
    "edge_count": 0,
    "diagnostic_count": 2,
    "error_count": 1,
    "warning_count": 1
  }
}
