---
source: crates/atlasctl-core/src/lib.rs
expression: json_output
---
{
  "schema_version": 1,
  "tool_version": "0.1.0",
  "repo": {
    "name": "doctor-drift"
  },
  "nodes": [
    {
      "id": "cmd:ci",
      "kind": "command",
      "title": "CI command",
      "summary": null,
      "paths": [],
      "attrs": {},
      "provenance": {
        "source": "atlas/drift.atlas.yaml",
        "line": null,
        "column": null,
        "fragment": null
      }
    },
    {
      "id": "cmd:stale",
      "kind": "command",
      "title": "Stale command",
      "summary": null,
      "paths": [],
      "attrs": {},
      "provenance": {
        "source": "atlas/drift.atlas.yaml",
        "line": null,
        "column": null,
        "fragment": null
      }
    },
    {
      "id": "crate:engine",
      "kind": "crate",
      "title": "engine",
      "summary": null,
      "paths": [
        {
          "pattern": "crates/engine"
        }
      ],
      "attrs": {
        "manifest_path": "crates/engine/Cargo.toml",
        "version": "0.1.0"
      },
      "provenance": {
        "source": "Cargo.toml",
        "line": null,
        "column": null,
        "fragment": null
      }
    },
    {
      "id": "req:dead",
      "kind": "requirement",
      "title": "Dead selector",
      "summary": null,
      "paths": [
        {
          "pattern": "nonexistent/*"
        }
      ],
      "attrs": {},
      "provenance": {
        "source": "atlas/drift.atlas.yaml",
        "line": null,
        "column": null,
        "fragment": null
      }
    },
    {
      "id": "req:orphan",
      "kind": "requirement",
      "title": "Orphan node",
      "summary": null,
      "paths": [],
      "attrs": {},
      "provenance": {
        "source": "atlas/drift.atlas.yaml",
        "line": null,
        "column": null,
        "fragment": null
      }
    },
    {
      "id": "scen:valid",
      "kind": "scenario",
      "title": "Valid scenario",
      "summary": null,
      "paths": [],
      "attrs": {},
      "provenance": {
        "source": "atlas/drift.atlas.yaml",
        "line": null,
        "column": null,
        "fragment": null
      }
    }
  ],
  "edges": [
    {
      "from": "scen:valid",
      "kind": "runs_with",
      "to": "cmd:ci",
      "provenance": {
        "source": "atlas/drift.atlas.yaml",
        "line": null,
        "column": null,
        "fragment": null
      }
    },
    {
      "from": "scen:valid",
      "kind": "exercises",
      "to": "crate:engine",
      "provenance": {
        "source": "atlas/drift.atlas.yaml",
        "line": null,
        "column": null,
        "fragment": null
      }
    }
  ],
  "diagnostics": [
    {
      "code": "dead_selector",
      "severity": "warning",
      "message": "path selector `nonexistent/*` matches no files",
      "subject": "req:dead",
      "location": {
        "path": "atlas/drift.atlas.yaml",
        "line": null,
        "column": null
      }
    },
    {
      "code": "orphan_node",
      "severity": "warning",
      "message": "node `cmd:stale` has no relationships in the graph",
      "subject": "cmd:stale",
      "location": {
        "path": "atlas/drift.atlas.yaml",
        "line": null,
        "column": null
      }
    },
    {
      "code": "orphan_node",
      "severity": "warning",
      "message": "node `req:dead` has no relationships in the graph",
      "subject": "req:dead",
      "location": {
        "path": "atlas/drift.atlas.yaml",
        "line": null,
        "column": null
      }
    },
    {
      "code": "orphan_node",
      "severity": "warning",
      "message": "node `req:orphan` has no relationships in the graph",
      "subject": "req:orphan",
      "location": {
        "path": "atlas/drift.atlas.yaml",
        "line": null,
        "column": null
      }
    },
    {
      "code": "stale_command",
      "severity": "warning",
      "message": "command `cmd:stale` is not used by any scenario",
      "subject": "cmd:stale",
      "location": {
        "path": "atlas/drift.atlas.yaml",
        "line": null,
        "column": null
      }
    },
    {
      "code": "empty_fragment",
      "severity": "info",
      "message": "fragment file `atlas\\empty.atlas.yaml` contains no atlas metadata",
      "subject": null,
      "location": {
        "path": "atlas/empty.atlas.yaml",
        "line": null,
        "column": null
      }
    }
  ],
  "metrics": {
    "node_count": 6,
    "edge_count": 2,
    "diagnostic_count": 6,
    "error_count": 0,
    "warning_count": 5
  }
}
