---
source: crates/atlasctl-core/src/lib.rs
assertion_line: 4288
expression: md
---
- **Schema version**: `1`

# Why: `scen:example-build`

- **Title**: Example build
- **Kind**: `scenario`
- **Source**: `atlas/example.atlas.yaml`

## Owns

- `crates/engine/src/lib.rs`

## Proof Chain

- `scen:example-build` proves `req:example` (via `proves`)
- `scen:example-build` is exercised by `cmd:ci-fast` (via `runs_with`)
- `scen:example-build` is exercised by `artifact:example-report` (via `emits`)
- `scen:example-build` is exercised by `crate:engine` (via `exercises`)
